// Jest Snapshot v1, https://goo.gl/fbAQLP

exports[`Loader Should render correctly 1`] = `
<div>
  There are no any items..
</div>
`;
