// Jest Snapshot v1, https://goo.gl/fbAQLP

exports[`ListItem Should render correctly 1`] = `
<div>
  TITLE
</div>
`;
